<html>
<body>
<pre>
<h1>礦ision Build Log</h1>
<h2>Project:</h2>
C:\Users\Administrator\Desktop\stm32程序\两个目标跟踪\STM32 运动跟踪系统\Project\RVMDK（uv4）\iSO-STM32.uvproj
Project File Date:  02/06/2015

<h2>Output:</h2>
Rebuild target '摄像头（火眼OV7725）'
assembling startup_stm32f10x_hd.s...
compiling core_cm3.c...
compiling system_stm32f10x.c...
compiling misc.c...
compiling stm32f10x_adc.c...
compiling stm32f10x_bkp.c...
compiling stm32f10x_can.c...
compiling stm32f10x_cec.c...
compiling stm32f10x_crc.c...
compiling stm32f10x_dac.c...
compiling stm32f10x_dbgmcu.c...
compiling stm32f10x_dma.c...
compiling stm32f10x_exti.c...
compiling stm32f10x_flash.c...
compiling stm32f10x_fsmc.c...
compiling stm32f10x_gpio.c...
compiling stm32f10x_i2c.c...
compiling stm32f10x_iwdg.c...
compiling stm32f10x_pwr.c...
compiling stm32f10x_rcc.c...
compiling stm32f10x_rtc.c...
compiling stm32f10x_sdio.c...
compiling stm32f10x_spi.c...
compiling stm32f10x_tim.c...
compiling stm32f10x_usart.c...
compiling stm32f10x_wwdg.c...
compiling main.c...
compiling stm32f10x_it.c...
compiling bsp_ili9341_lcd.c...
compiling bsp_ov7725.c...
compiling bsp_sccb.c...
compiling EasyTracer.c...
..\..\User\EasyTrace\EasyTracer.c(404): warning:  #940-D: missing return statement at end of non-void function "Trace_1"
compiling bsp_led.c...
compiling bsp_usart1.c...
linking...
Program Size: Code=10656 RO-data=336 RW-data=276 ZI-data=1044  
FromELF: creating hex file...
"..\..\Output\Template.axf" - 0 Errors, 1 Warning(s).
